=== RUN   TestSQLiteSchemaAndInsert
    sqlite_test.go:33: 
        	Error Trace:	C:/AIProject/go_gateway/internal/datalink/storage/sqlite_test.go:33
        	Error:      	Received unexpected error:
        	            	Binary was compiled with 'CGO_ENABLED=0', go-sqlite3 requires cgo to work. This is a stub
        	Test:       	TestSQLiteSchemaAndInsert
        	Messages:   	Schema migration failed
    sqlite_test.go:45: 
        	Error Trace:	C:/AIProject/go_gateway/internal/datalink/storage/sqlite_test.go:45
        	Error:      	Received unexpected error:
        	            	Binary was compiled with 'CGO_ENABLED=0', go-sqlite3 requires cgo to work. This is a stub
        	Test:       	TestSQLiteSchemaAndInsert
    sqlite_test.go:53: 
        	Error Trace:	C:/AIProject/go_gateway/internal/datalink/storage/sqlite_test.go:53
        	Error:      	Received unexpected error:
        	            	Binary was compiled with 'CGO_ENABLED=0', go-sqlite3 requires cgo to work. This is a stub
        	Test:       	TestSQLiteSchemaAndInsert
    sqlite_test.go:61: 
        	Error Trace:	C:/AIProject/go_gateway/internal/datalink/storage/sqlite_test.go:61
        	Error:      	Received unexpected error:
        	            	Binary was compiled with 'CGO_ENABLED=0', go-sqlite3 requires cgo to work. This is a stub
        	Test:       	TestSQLiteSchemaAndInsert
    sqlite_test.go:68: 
        	Error Trace:	C:/AIProject/go_gateway/internal/datalink/storage/sqlite_test.go:68
        	Error:      	Received unexpected error:
        	            	Binary was compiled with 'CGO_ENABLED=0', go-sqlite3 requires cgo to work. This is a stub
        	Test:       	TestSQLiteSchemaAndInsert
    sqlite_test.go:76: 
        	Error Trace:	C:/AIProject/go_gateway/internal/datalink/storage/sqlite_test.go:76
        	Error:      	Received unexpected error:
        	            	Binary was compiled with 'CGO_ENABLED=0', go-sqlite3 requires cgo to work. This is a stub
        	Test:       	TestSQLiteSchemaAndInsert
    sqlite_test.go:83: 
        	Error Trace:	C:/AIProject/go_gateway/internal/datalink/storage/sqlite_test.go:83
        	Error:      	Received unexpected error:
        	            	Binary was compiled with 'CGO_ENABLED=0', go-sqlite3 requires cgo to work. This is a stub
        	Test:       	TestSQLiteSchemaAndInsert
    sqlite_test.go:84: 
        	Error Trace:	C:/AIProject/go_gateway/internal/datalink/storage/sqlite_test.go:84
        	Error:      	Not equal: 
        	            	expected: "Test Device"
        	            	actual  : ""
        	            	
        	            	Diff:
        	            	--- Expected
        	            	+++ Actual
        	            	@@ -1 +1 @@
        	            	-Test Device
        	            	+
        	Test:       	TestSQLiteSchemaAndInsert
    sqlite_test.go:89: 
        	Error Trace:	C:/AIProject/go_gateway/internal/datalink/storage/sqlite_test.go:89
        	Error:      	Received unexpected error:
        	            	Binary was compiled with 'CGO_ENABLED=0', go-sqlite3 requires cgo to work. This is a stub
        	Test:       	TestSQLiteSchemaAndInsert
    sqlite_test.go:90: Tag key_lower: 
    sqlite_test.go:97: 
        	Error Trace:	C:/AIProject/go_gateway/internal/datalink/storage/sqlite_test.go:97
        	Error:      	Received unexpected error:
        	            	Binary was compiled with 'CGO_ENABLED=0', go-sqlite3 requires cgo to work. This is a stub
        	Test:       	TestSQLiteSchemaAndInsert
    sqlite_test.go:98: TimeSeries: TS=, Value=0.000000
    sqlite_test.go:99: 
        	Error Trace:	C:/AIProject/go_gateway/internal/datalink/storage/sqlite_test.go:99
        	Error:      	Not equal: 
        	            	expected: 123.45
        	            	actual  : 0
        	Test:       	TestSQLiteSchemaAndInsert
--- FAIL: TestSQLiteSchemaAndInsert (0.00s)
FAIL
FAIL	go-gateway/internal/datalink/storage	0.151s
FAIL
