npm notice run frontend@0.0.0 test
npm notice run vitest --run tests/unit/workbench-v2/mapping-autosave-queue.bootstrap.test.tsx --maxWorkers=1 --no-file-parallelism

 RUN  v3.2.4 /private/tmp/go-gateway-mapping-save-concurrency/frontend

 ❯ tests/unit/workbench-v2/mapping-autosave-queue.bootstrap.test.tsx (6 tests | 6 failed) 6691ms
   × refreshes active workspace readiness after accepted mapping create 1134ms
     → expected false to be true // Object.is equality

Ignored nodes: comments, script, style
[36m<html>[39m
  [36m<head />[39m
  [36m<body>[39m
    [36m<div />[39m
    [36m<div />[39m
  [36m</body>[39m
[36m</html>[39m
   × refreshes active workspace readiness after accepted mapping save 1115ms
     → expected false to be true // Object.is equality

Ignored nodes: comments, script, style
[36m<html>[39m
  [36m<head />[39m
  [36m<body>[39m
    [36m<div />[39m
    [36m<div />[39m
  [36m</body>[39m
[36m</html>[39m
   × refreshes active workspace readiness after accepted mapping delete 1114ms
     → expected false to be true // Object.is equality

Ignored nodes: comments, script, style
[36m<html>[39m
  [36m<head />[39m
  [36m<body>[39m
    [36m<div />[39m
    [36m<div />[39m
  [36m</body>[39m
[36m</html>[39m
   × continues rule B while bootstrap GETs are blocked and ignores older metadata after its latest acknowledgment 1110ms
     → expected [] to have a length of 1 but got +0

Ignored nodes: comments, script, style
[36m<html>[39m
  [36m<head />[39m
  [36m<body>[39m
    [36m<div />[39m
    [36m<div />[39m
  [36m</body>[39m
[36m</html>[39m
   × starts a new authoritative bootstrap read when a pre-save read is already in flight 1110ms
     → expected "spy" to be called 3 times, but got 2 times

Ignored nodes: comments, script, style
[36m<html>[39m
  [36m<head />[39m
  [36m<body>[39m
    [36m<div />[39m
    [36m<div />[39m
  [36m</body>[39m
[36m</html>[39m
   × keeps an accepted save successful when bootstrap refresh fails and refreshes on the next acknowledgment 1107ms
     → expected false to be true // Object.is equality

Ignored nodes: comments, script, style
[36m<html>[39m
  [36m<head />[39m
  [36m<body>[39m
    [36m<div />[39m
    [36m<div />[39m
  [36m</body>[39m
[36m</html>[39m

⎯⎯⎯⎯⎯⎯⎯ Failed Tests 6 ⎯⎯⎯⎯⎯⎯⎯

 FAIL  tests/unit/workbench-v2/mapping-autosave-queue.bootstrap.test.tsx > refreshes active workspace readiness after accepted mapping create
 FAIL  tests/unit/workbench-v2/mapping-autosave-queue.bootstrap.test.tsx > refreshes active workspace readiness after accepted mapping save
 FAIL  tests/unit/workbench-v2/mapping-autosave-queue.bootstrap.test.tsx > refreshes active workspace readiness after accepted mapping delete
AssertionError: expected false to be true // Object.is equality

Ignored nodes: comments, script, style
[36m<html>[39m
  [36m<head />[39m
  [36m<body>[39m
    [36m<div />[39m
    [36m<div />[39m
  [36m</body>[39m
[36m</html>[39m

- Expected
+ Received

- true
+ false

 ❯ tests/unit/workbench-v2/mapping-autosave-queue.bootstrap.test.tsx:38:87
     36|     queue.send(operation === 'save' ? { type: 'updateMapping', pointId…
     37|   }
     38|   await waitFor(() => expect(bootstrap.result.current.data?.readiness_…
       |                                                                                       ^
     39|   expect(bootstrapAPI.get).toHaveBeenCalledTimes(2);
     40|   if (operation === 'create') expect(queue.result.current.state.mappin…
 ❯ runWithExpensiveErrorDiagnosticsDisabled node_modules/@testing-library/dom/dist/config.js:47:12
 ❯ checkCallback node_modules/@testing-library/dom/dist/wait-for.js:124:77
 ❯ Timeout.checkRealTimersCallback node_modules/@testing-library/dom/dist/wait-for.js:118:16

⎯⎯⎯⎯⎯⎯⎯⎯⎯⎯⎯⎯⎯⎯⎯⎯⎯⎯⎯⎯⎯⎯⎯⎯[1/6]⎯

 FAIL  tests/unit/workbench-v2/mapping-autosave-queue.bootstrap.test.tsx > continues rule B while bootstrap GETs are blocked and ignores older metadata after its latest acknowledgment
AssertionError: expected [] to have a length of 1 but got +0

Ignored nodes: comments, script, style
[36m<html>[39m
  [36m<head />[39m
  [36m<body>[39m
    [36m<div />[39m
    [36m<div />[39m
  [36m</body>[39m
[36m</html>[39m

- Expected
+ Received

- 1
+ 0

 ❯ tests/unit/workbench-v2/mapping-autosave-queue.bootstrap.test.tsx:52:37
     50|   bootstrapAPI.get.mockImplementation(() => { const read = deferred<Re…
     51|   queue.send({ type: 'updateMapping', pointId: 'a0', patch: { tag_key:…
     52|   await waitFor(() => expect(reads).toHaveLength(1));
       |                                     ^
     53|   queue.send({ type: 'updateMapping', pointId: 'b0', patch: { tag_key:…
     54|   queue.send({ type: 'updateMapping', pointId: 'b1', patch: { tag_key:…
 ❯ runWithExpensiveErrorDiagnosticsDisabled node_modules/@testing-library/dom/dist/config.js:47:12
 ❯ checkCallback node_modules/@testing-library/dom/dist/wait-for.js:124:77
 ❯ Timeout.checkRealTimersCallback node_modules/@testing-library/dom/dist/wait-for.js:118:16

⎯⎯⎯⎯⎯⎯⎯⎯⎯⎯⎯⎯⎯⎯⎯⎯⎯⎯⎯⎯⎯⎯⎯⎯[2/6]⎯

 FAIL  tests/unit/workbench-v2/mapping-autosave-queue.bootstrap.test.tsx > starts a new authoritative bootstrap read when a pre-save read is already in flight
AssertionError: expected "spy" to be called 3 times, but got 2 times

Ignored nodes: comments, script, style
[36m<html>[39m
  [36m<head />[39m
  [36m<body>[39m
    [36m<div />[39m
    [36m<div />[39m
  [36m</body>[39m
[36m</html>[39m
 ❯ tests/unit/workbench-v2/mapping-autosave-queue.bootstrap.test.tsx:72:48
     70|   await waitFor(() => expect(bootstrapAPI.get).toHaveBeenCalledTimes(2…
     71|   queue.send({ type: 'updateMapping', pointId: 'a0', patch: { unit: 'l…
     72|   await waitFor(() => expect(bootstrapAPI.get).toHaveBeenCalledTimes(3…
       |                                                ^
     73|   await waitFor(() => expect(queue.result.current.state.mappings.a0.sa…
     74|   await act(async () => authoritative.resolve(metadata(true)));
 ❯ runWithExpensiveErrorDiagnosticsDisabled node_modules/@testing-library/dom/dist/config.js:47:12
 ❯ checkCallback node_modules/@testing-library/dom/dist/wait-for.js:124:77
 ❯ Timeout.checkRealTimersCallback node_modules/@testing-library/dom/dist/wait-for.js:118:16

⎯⎯⎯⎯⎯⎯⎯⎯⎯⎯⎯⎯⎯⎯⎯⎯⎯⎯⎯⎯⎯⎯⎯⎯[3/6]⎯

 FAIL  tests/unit/workbench-v2/mapping-autosave-queue.bootstrap.test.tsx > keeps an accepted save successful when bootstrap refresh fails and refreshes on the next acknowledgment
AssertionError: expected false to be true // Object.is equality

Ignored nodes: comments, script, style
[36m<html>[39m
  [36m<head />[39m
  [36m<body>[39m
    [36m<div />[39m
    [36m<div />[39m
  [36m</body>[39m
[36m</html>[39m

- Expected
+ Received

- true
+ false

 ❯ tests/unit/workbench-v2/mapping-autosave-queue.bootstrap.test.tsx:85:64
     83|   bootstrapAPI.get.mockRejectedValueOnce(new Error('owned metadata rea…
     84|   queue.send({ type: 'updateMapping', pointId: 'a0', patch: { unit: 'f…
     85|   await waitFor(() => expect(bootstrap.result.current.isError).toBe(tr…
       |                                                                ^
     86|   expect(queue.result.current.state.mappings.a0).toMatchObject({ unit:…
     87|   expect(api.update).toHaveBeenCalledTimes(1);
 ❯ runWithExpensiveErrorDiagnosticsDisabled node_modules/@testing-library/dom/dist/config.js:47:12
 ❯ checkCallback node_modules/@testing-library/dom/dist/wait-for.js:124:77
 ❯ Timeout.checkRealTimersCallback node_modules/@testing-library/dom/dist/wait-for.js:118:16

⎯⎯⎯⎯⎯⎯⎯⎯⎯⎯⎯⎯⎯⎯⎯⎯⎯⎯⎯⎯⎯⎯⎯⎯[4/6]⎯


 Test Files  1 failed (1)
      Tests  6 failed (6)
   Start at  23:30:02
   Duration  7.20s (transform 78ms, setup 24ms, collect 154ms, tests 6.69s, environment 189ms, prepare 26ms)

